// Jest Snapshot v1, https://goo.gl/fbAQLP

exports[`empty string matches snapshot 1`] = `[SyntaxError: Text is empty]`;

exports[`inconsistent left bound matches snapshot 1`] = `[SyntaxError: Inconsistent left bound]`;

exports[`inconsistent right bound matches snapshot 1`] = `[SyntaxError: Inconsistent right bound]`;

exports[`string with naught but whitespaces matches snapshot 1`] = `[SyntaxError: Text is empty]`;
