// Jest Snapshot v1, https://goo.gl/fbAQLP

exports[`matches snapshot 1`] = `
"
|+
  [INFO]
    Type: <Insert Type Here>
    body.foo: body.bar
    body.baz: body.qux
    Size: 34
    Mode: 12
    Modified: 1234-06-06T07:08:09.354Z
    Accessed: 1999-03-03T01:02:03.789Z
    Changed: 2005-04-04T02:06:04.222Z


"
`;
